// Jest Snapshot v1, https://goo.gl/fbAQLP

exports[`Summary should render 1`] = `
<ContextProvider
  value={null}
>
  <Summary
    resetQuiz={[Function]}
    score={0}
    store={
      Object {
        "dispatch": [Function],
        "getState": [Function],
        "replaceReducer": [Function],
        "subscribe": [Function],
        Symbol(observable): [Function],
      }
    }
  />
</ContextProvider>
`;
